******************************************************************************
                  TI ARM Linker PC v18.12.2                    
******************************************************************************
>> Linked Wed Oct  9 22:05:01 2019

OUTPUT FILE NAME:   <RotateLEDsWithDifferingPeriods.out>
ENTRY POINT SYMBOL: "_c_int00_noargs"  address: 0000064d


MEMORY CONFIGURATION

         name            origin    length      used     unused   attr    fill
----------------------  --------  ---------  --------  --------  ----  --------
  MAIN                  00000000   00040000  000006f0  0003f910  R  X
  INFO                  00200000   00004000  00000000  00004000  R  X
  SRAM_CODE             01000000   00010000  00000206  0000fdfa  RW X
  SRAM_DATA             20000000   00010000  00000206  0000fdfa  RW  


SEGMENT ALLOCATION MAP

run origin  load origin   length   init length attrs members
----------  ----------- ---------- ----------- ----- -------
00000000    00000000    000006f0   000006f0    r-x
  00000000    00000000    000000e4   000000e4    r-- .intvecs
  000000e4    000000e4    000005dc   000005dc    r-x .text
  000006c0    000006c0    00000030   00000030    r-- .cinit
20000000    20000000    00000006   00000000    rw-
  20000000    20000000    00000004   00000000    rw- .data
  20000004    20000004    00000002   00000000    rw- .bss
2000fe00    2000fe00    00000200   00000000    rw-
  2000fe00    2000fe00    00000200   00000000    rw- .stack


SECTION ALLOCATION MAP

 output                                  attributes/
section   page    origin      length       input sections
--------  ----  ----------  ----------   ----------------
.intvecs   0    00000000    000000e4     
                  00000000    000000e4     startup_msp432p401r_ccs.obj (.intvecs:retain)

.text      0    000000e4    000005dc     
                  000000e4    00000334     system_msp432p401r.obj (.text)
                  00000418    000000ec     main.obj (.text)
                  00000504    0000009c     rtsv7M4_T_le_v4SPD16_eabi.lib : memcpy_t2.asm.obj (.text)
                  000005a0    00000068                                   : copy_decompress_lzss.c.obj (.text:decompress:lzss:__TI_decompress_lzss)
                  00000608    00000044                                   : autoinit.c.obj (.text:__TI_auto_init_nobinit_nopinit:__TI_auto_init_nobinit_nopinit)
                  0000064c    00000034                                   : boot_cortex_m.c.obj (.text:_c_int00_noargs:_c_int00_noargs)
                  00000680    0000001c                                   : copy_zero_init.c.obj (.text:decompress:ZI:__TI_zero_init_nomemset:__TI_zero_init_nomemset)
                  0000069c    0000000e                                   : copy_decompress_none.c.obj (.text:decompress:none:__TI_decompress_none)
                  000006aa    0000000e     startup_msp432p401r_ccs.obj (.text)
                  000006b8    00000004     rtsv7M4_T_le_v4SPD16_eabi.lib : pre_init.c.obj (.text:_system_pre_init)
                  000006bc    00000004                                   : exit.c.obj (.text:abort:abort)

.cinit     0    000006c0    00000030     
                  000006c0    0000000c     (__TI_handler_table)
                  000006cc    00000004     --HOLE-- [fill = 0]
                  000006d0    00000008     (.cinit..bss.load) [load image, compression = zero_init]
                  000006d8    00000008     (.cinit..data.load) [load image, compression = lzss]
                  000006e0    00000010     (__TI_cinit_table)

.init_array 
*          0    00000000    00000000     UNINITIALIZED

.binit     0    00000000    00000000     

.data      0    20000000    00000004     UNINITIALIZED
                  20000000    00000004     system_msp432p401r.obj (.data)

.bss       0    20000004    00000002     UNINITIALIZED
                  20000004    00000001     (.common:Rot_State)
                  20000005    00000001     (.common:i)

.stack     0    2000fe00    00000200     UNINITIALIZED
                  2000fe00    00000004     rtsv7M4_T_le_v4SPD16_eabi.lib : boot_cortex_m.c.obj (.stack)
                  2000fe04    000001fc     --HOLE--

MODULE SUMMARY

       Module                        code   ro data   rw data
       ------                        ----   -------   -------
    .\
       system_msp432p401r.obj        820    0         8      
       startup_msp432p401r_ccs.obj   14     228       0      
       main.obj                      236    0         4      
    +--+-----------------------------+------+---------+---------+
       Total:                        1070   228       12     
                                                             
    C:\ti\ccs910\ccs\tools\compiler\ti-cgt-arm_18.12.2.LTS\lib\rtsv7M4_T_le_v4SPD16_eabi.lib
       memcpy_t2.asm.obj             156    0         0      
       copy_decompress_lzss.c.obj    104    0         0      
       autoinit.c.obj                68     0         0      
       boot_cortex_m.c.obj           52     0         0      
       copy_zero_init.c.obj          28     0         0      
       copy_decompress_none.c.obj    14     0         0      
       exit.c.obj                    4      0         0      
       pre_init.c.obj                4      0         0      
    +--+-----------------------------+------+---------+---------+
       Total:                        430    0         0      
                                                             
       Stack:                        0      0         1024   
       Linker Generated:             0      44        0      
    +--+-----------------------------+------+---------+---------+
       Grand Total:                  1500   272       1036   


LINKER GENERATED COPY TABLES

__TI_cinit_table @ 000006e0 records: 2, size/record: 8, table size: 16
	.bss: load addr=000006d0, load size=00000008 bytes, run addr=20000004, run size=00000002 bytes, compression=zero_init
	.data: load addr=000006d8, load size=00000008 bytes, run addr=20000000, run size=00000004 bytes, compression=lzss


LINKER GENERATED HANDLER TABLE

__TI_handler_table @ 000006c0 records: 3, size/record: 4, table size: 12
	index: 0, handler: __TI_decompress_lzss
	index: 1, handler: __TI_decompress_none
	index: 2, handler: __TI_zero_init


GLOBAL SYMBOLS: SORTED ALPHABETICALLY BY Name 

address   name                          
-------   ----                          
000006b7  ADC14_IRQHandler              
000006b7  AES256_IRQHandler             
000006b7  BusFault_Handler              
000006bd  C$$EXIT                       
000006b7  COMP_E0_IRQHandler            
000006b7  COMP_E1_IRQHandler            
000006b7  CS_IRQHandler                 
000006b7  DMA_ERR_IRQHandler            
000006b7  DMA_INT0_IRQHandler           
000006b7  DMA_INT1_IRQHandler           
000006b7  DMA_INT2_IRQHandler           
000006b7  DMA_INT3_IRQHandler           
000006b7  DebugMon_Handler              
000006b7  Default_Handler               
000006b7  EUSCIA0_IRQHandler            
000006b7  EUSCIA1_IRQHandler            
000006b7  EUSCIA2_IRQHandler            
000006b7  EUSCIA3_IRQHandler            
000006b7  EUSCIB0_IRQHandler            
000006b7  EUSCIB1_IRQHandler            
000006b7  EUSCIB2_IRQHandler            
000006b7  EUSCIB3_IRQHandler            
000006b7  FLCTL_IRQHandler              
000006b7  FPU_IRQHandler                
000006b7  HardFault_Handler             
000004a5  Initialization                
000006b7  MemManage_Handler             
000006b7  NMI_Handler                   
000006b7  PCM_IRQHandler                
000006b7  PORT1_IRQHandler              
000006b7  PORT2_IRQHandler              
000006b7  PORT3_IRQHandler              
000006b7  PORT4_IRQHandler              
000006b7  PORT5_IRQHandler              
000006b7  PORT6_IRQHandler              
000006b7  PSS_IRQHandler                
000006b7  PendSV_Handler                
000006b7  RTC_C_IRQHandler              
000006ab  Reset_Handler                 
20000004  Rot_State                     
00000419  RotateLEDs                    
000006b7  SVC_Handler                   
000004db  SysTick_Handler               
000004db  SysTick_Handler               
20000000  SystemCoreClock               
000000e5  SystemCoreClockUpdate         
0000035d  SystemInit                    
000006b7  T32_INT1_IRQHandler           
000006b7  T32_INT2_IRQHandler           
000006b7  T32_INTC_IRQHandler           
000006b7  TA0_0_IRQHandler              
000006b7  TA0_N_IRQHandler              
000006b7  TA1_0_IRQHandler              
000006b7  TA1_N_IRQHandler              
000006b7  TA2_0_IRQHandler              
000006b7  TA2_N_IRQHandler              
000006b7  TA3_0_IRQHandler              
000006b7  TA3_N_IRQHandler              
000006b7  UsageFault_Handler            
4000480c  WDTCTL_SYM                    
000006b7  WDT_A_IRQHandler              
20010000  __STACK_END                   
00000200  __STACK_SIZE                  
000006e0  __TI_CINIT_Base               
000006f0  __TI_CINIT_Limit              
000006c0  __TI_Handler_Table_Base       
000006cc  __TI_Handler_Table_Limit      
00000609  __TI_auto_init_nobinit_nopinit
000005a1  __TI_decompress_lzss          
0000069d  __TI_decompress_none          
ffffffff  __TI_pprof_out_hndl           
ffffffff  __TI_prof_data_size           
ffffffff  __TI_prof_data_start          
00000000  __TI_static_base__            
00000681  __TI_zero_init_nomemset       
00000505  __aeabi_memcpy                
00000505  __aeabi_memcpy4               
00000505  __aeabi_memcpy8               
ffffffff  __binit__                     
ffffffff  __c_args__                    
UNDEFED   __mpu_init                    
2000fe00  __stack                       
0000064d  _c_int00_noargs               
UNDEFED   _system_post_cinit            
000006b9  _system_pre_init              
000006bd  abort                         
ffffffff  binit                         
20000005  i                             
00000000  interruptVectors              
000004cb  main                          
00000505  memcpy                        


GLOBAL SYMBOLS: SORTED BY Symbol Address 

address   name                          
-------   ----                          
00000000  __TI_static_base__            
00000000  interruptVectors              
000000e5  SystemCoreClockUpdate         
00000200  __STACK_SIZE                  
0000035d  SystemInit                    
00000419  RotateLEDs                    
000004a5  Initialization                
000004cb  main                          
000004db  SysTick_Handler               
000004db  SysTick_Handler               
00000505  __aeabi_memcpy                
00000505  __aeabi_memcpy4               
00000505  __aeabi_memcpy8               
00000505  memcpy                        
000005a1  __TI_decompress_lzss          
00000609  __TI_auto_init_nobinit_nopinit
0000064d  _c_int00_noargs               
00000681  __TI_zero_init_nomemset       
0000069d  __TI_decompress_none          
000006ab  Reset_Handler                 
000006b7  ADC14_IRQHandler              
000006b7  AES256_IRQHandler             
000006b7  BusFault_Handler              
000006b7  COMP_E0_IRQHandler            
000006b7  COMP_E1_IRQHandler            
000006b7  CS_IRQHandler                 
000006b7  DMA_ERR_IRQHandler            
000006b7  DMA_INT0_IRQHandler           
000006b7  DMA_INT1_IRQHandler           
000006b7  DMA_INT2_IRQHandler           
000006b7  DMA_INT3_IRQHandler           
000006b7  DebugMon_Handler              
000006b7  Default_Handler               
000006b7  EUSCIA0_IRQHandler            
000006b7  EUSCIA1_IRQHandler            
000006b7  EUSCIA2_IRQHandler            
000006b7  EUSCIA3_IRQHandler            
000006b7  EUSCIB0_IRQHandler            
000006b7  EUSCIB1_IRQHandler            
000006b7  EUSCIB2_IRQHandler            
000006b7  EUSCIB3_IRQHandler            
000006b7  FLCTL_IRQHandler              
000006b7  FPU_IRQHandler                
000006b7  HardFault_Handler             
000006b7  MemManage_Handler             
000006b7  NMI_Handler                   
000006b7  PCM_IRQHandler                
000006b7  PORT1_IRQHandler              
000006b7  PORT2_IRQHandler              
000006b7  PORT3_IRQHandler              
000006b7  PORT4_IRQHandler              
000006b7  PORT5_IRQHandler              
000006b7  PORT6_IRQHandler              
000006b7  PSS_IRQHandler                
000006b7  PendSV_Handler                
000006b7  RTC_C_IRQHandler              
000006b7  SVC_Handler                   
000006b7  T32_INT1_IRQHandler           
000006b7  T32_INT2_IRQHandler           
000006b7  T32_INTC_IRQHandler           
000006b7  TA0_0_IRQHandler              
000006b7  TA0_N_IRQHandler              
000006b7  TA1_0_IRQHandler              
000006b7  TA1_N_IRQHandler              
000006b7  TA2_0_IRQHandler              
000006b7  TA2_N_IRQHandler              
000006b7  TA3_0_IRQHandler              
000006b7  TA3_N_IRQHandler              
000006b7  UsageFault_Handler            
000006b7  WDT_A_IRQHandler              
000006b9  _system_pre_init              
000006bd  C$$EXIT                       
000006bd  abort                         
000006c0  __TI_Handler_Table_Base       
000006cc  __TI_Handler_Table_Limit      
000006e0  __TI_CINIT_Base               
000006f0  __TI_CINIT_Limit              
20000000  SystemCoreClock               
20000004  Rot_State                     
20000005  i                             
2000fe00  __stack                       
20010000  __STACK_END                   
4000480c  WDTCTL_SYM                    
ffffffff  __TI_pprof_out_hndl           
ffffffff  __TI_prof_data_size           
ffffffff  __TI_prof_data_start          
ffffffff  __binit__                     
ffffffff  __c_args__                    
ffffffff  binit                         
UNDEFED   __mpu_init                    
UNDEFED   _system_post_cinit            

[91 symbols]
