******************************************************************************
                  TI ARM Linker PC v18.12.2                    
******************************************************************************
>> Linked Wed Oct  9 20:26:17 2019

OUTPUT FILE NAME:   <RotatingLEDs.out>
ENTRY POINT SYMBOL: "_c_int00_noargs"  address: 00000611


MEMORY CONFIGURATION

         name            origin    length      used     unused   attr    fill
----------------------  --------  ---------  --------  --------  ----  --------
  MAIN                  00000000   00040000  000006b4  0003f94c  R  X
  INFO                  00200000   00004000  00000000  00004000  R  X
  SRAM_CODE             01000000   00010000  00000205  0000fdfb  RW X
  SRAM_DATA             20000000   00010000  00000205  0000fdfb  RW  


SEGMENT ALLOCATION MAP

run origin  load origin   length   init length attrs members
----------  ----------- ---------- ----------- ----- -------
00000000    00000000    000006b8   000006b8    r-x
  00000000    00000000    000000e4   000000e4    r-- .intvecs
  000000e4    000000e4    000005a0   000005a0    r-x .text
  00000688    00000688    00000030   00000030    r-- .cinit
20000000    20000000    00000005   00000000    rw-
  20000000    20000000    00000004   00000000    rw- .data
  20000004    20000004    00000001   00000000    rw- .bss
2000fe00    2000fe00    00000200   00000000    rw-
  2000fe00    2000fe00    00000200   00000000    rw- .stack


SECTION ALLOCATION MAP

 output                                  attributes/
section   page    origin      length       input sections
--------  ----  ----------  ----------   ----------------
.intvecs   0    00000000    000000e4     
                  00000000    000000e4     startup_msp432p401r_ccs.obj (.intvecs:retain)

.text      0    000000e4    000005a0     
                  000000e4    00000334     system_msp432p401r.obj (.text)
                  00000418    000000b0     main.obj (.text)
                  000004c8    0000009c     rtsv7M4_T_le_v4SPD16_eabi.lib : memcpy_t2.asm.obj (.text)
                  00000564    00000068                                   : copy_decompress_lzss.c.obj (.text:decompress:lzss:__TI_decompress_lzss)
                  000005cc    00000044                                   : autoinit.c.obj (.text:__TI_auto_init_nobinit_nopinit:__TI_auto_init_nobinit_nopinit)
                  00000610    00000034                                   : boot_cortex_m.c.obj (.text:_c_int00_noargs:_c_int00_noargs)
                  00000644    0000001c                                   : copy_zero_init.c.obj (.text:decompress:ZI:__TI_zero_init_nomemset:__TI_zero_init_nomemset)
                  00000660    0000000e                                   : copy_decompress_none.c.obj (.text:decompress:none:__TI_decompress_none)
                  0000066e    0000000e     startup_msp432p401r_ccs.obj (.text)
                  0000067c    00000004     rtsv7M4_T_le_v4SPD16_eabi.lib : pre_init.c.obj (.text:_system_pre_init)
                  00000680    00000004                                   : exit.c.obj (.text:abort:abort)

.cinit     0    00000688    00000030     
                  00000688    0000000c     (__TI_handler_table)
                  00000694    00000004     --HOLE-- [fill = 0]
                  00000698    00000008     (.cinit..bss.load) [load image, compression = zero_init]
                  000006a0    00000008     (.cinit..data.load) [load image, compression = lzss]
                  000006a8    00000010     (__TI_cinit_table)

.init_array 
*          0    00000000    00000000     UNINITIALIZED

.binit     0    00000000    00000000     

.data      0    20000000    00000004     UNINITIALIZED
                  20000000    00000004     system_msp432p401r.obj (.data)

.bss       0    20000004    00000001     UNINITIALIZED
                  20000004    00000001     (.common:Rot_State)

.stack     0    2000fe00    00000200     UNINITIALIZED
                  2000fe00    00000004     rtsv7M4_T_le_v4SPD16_eabi.lib : boot_cortex_m.c.obj (.stack)
                  2000fe04    000001fc     --HOLE--

MODULE SUMMARY

       Module                        code   ro data   rw data
       ------                        ----   -------   -------
    .\
       system_msp432p401r.obj        820    0         8      
       startup_msp432p401r_ccs.obj   14     228       0      
       main.obj                      176    0         2      
    +--+-----------------------------+------+---------+---------+
       Total:                        1010   228       10     
                                                             
    C:\ti\ccs910\ccs\tools\compiler\ti-cgt-arm_18.12.2.LTS\lib\rtsv7M4_T_le_v4SPD16_eabi.lib
       memcpy_t2.asm.obj             156    0         0      
       copy_decompress_lzss.c.obj    104    0         0      
       autoinit.c.obj                68     0         0      
       boot_cortex_m.c.obj           52     0         0      
       copy_zero_init.c.obj          28     0         0      
       copy_decompress_none.c.obj    14     0         0      
       exit.c.obj                    4      0         0      
       pre_init.c.obj                4      0         0      
    +--+-----------------------------+------+---------+---------+
       Total:                        430    0         0      
                                                             
       Stack:                        0      0         1024   
       Linker Generated:             0      44        0      
    +--+-----------------------------+------+---------+---------+
       Grand Total:                  1440   272       1034   


LINKER GENERATED COPY TABLES

__TI_cinit_table @ 000006a8 records: 2, size/record: 8, table size: 16
	.bss: load addr=00000698, load size=00000008 bytes, run addr=20000004, run size=00000001 bytes, compression=zero_init
	.data: load addr=000006a0, load size=00000008 bytes, run addr=20000000, run size=00000004 bytes, compression=lzss


LINKER GENERATED HANDLER TABLE

__TI_handler_table @ 00000688 records: 3, size/record: 4, table size: 12
	index: 0, handler: __TI_decompress_lzss
	index: 1, handler: __TI_decompress_none
	index: 2, handler: __TI_zero_init


GLOBAL SYMBOLS: SORTED ALPHABETICALLY BY Name 

address   name                          
-------   ----                          
0000067b  ADC14_IRQHandler              
0000067b  AES256_IRQHandler             
0000067b  BusFault_Handler              
00000681  C$$EXIT                       
0000067b  COMP_E0_IRQHandler            
0000067b  COMP_E1_IRQHandler            
0000067b  CS_IRQHandler                 
0000067b  DMA_ERR_IRQHandler            
0000067b  DMA_INT0_IRQHandler           
0000067b  DMA_INT1_IRQHandler           
0000067b  DMA_INT2_IRQHandler           
0000067b  DMA_INT3_IRQHandler           
0000067b  DebugMon_Handler              
0000067b  Default_Handler               
0000067b  EUSCIA0_IRQHandler            
0000067b  EUSCIA1_IRQHandler            
0000067b  EUSCIA2_IRQHandler            
0000067b  EUSCIA3_IRQHandler            
0000067b  EUSCIB0_IRQHandler            
0000067b  EUSCIB1_IRQHandler            
0000067b  EUSCIB2_IRQHandler            
0000067b  EUSCIB3_IRQHandler            
0000067b  FLCTL_IRQHandler              
0000067b  FPU_IRQHandler                
0000067b  HardFault_Handler             
00000419  Initialization                
0000067b  MemManage_Handler             
0000067b  NMI_Handler                   
0000067b  PCM_IRQHandler                
0000067b  PORT1_IRQHandler              
0000067b  PORT2_IRQHandler              
0000067b  PORT3_IRQHandler              
0000067b  PORT4_IRQHandler              
0000067b  PORT5_IRQHandler              
0000067b  PORT6_IRQHandler              
0000067b  PSS_IRQHandler                
0000067b  PendSV_Handler                
0000067b  RTC_C_IRQHandler              
0000066f  Reset_Handler                 
20000004  Rot_State                     
00000439  Rotate_LEDs                   
0000067b  SVC_Handler                   
000004a3  SysTick_Handler               
000004a3  SysTick_Handler               
20000000  SystemCoreClock               
000000e5  SystemCoreClockUpdate         
0000035d  SystemInit                    
0000067b  T32_INT1_IRQHandler           
0000067b  T32_INT2_IRQHandler           
0000067b  T32_INTC_IRQHandler           
0000067b  TA0_0_IRQHandler              
0000067b  TA0_N_IRQHandler              
0000067b  TA1_0_IRQHandler              
0000067b  TA1_N_IRQHandler              
0000067b  TA2_0_IRQHandler              
0000067b  TA2_N_IRQHandler              
0000067b  TA3_0_IRQHandler              
0000067b  TA3_N_IRQHandler              
0000067b  UsageFault_Handler            
4000480c  WDTCTL_SYM                    
0000067b  WDT_A_IRQHandler              
20010000  __STACK_END                   
00000200  __STACK_SIZE                  
000006a8  __TI_CINIT_Base               
000006b8  __TI_CINIT_Limit              
00000688  __TI_Handler_Table_Base       
00000694  __TI_Handler_Table_Limit      
000005cd  __TI_auto_init_nobinit_nopinit
00000565  __TI_decompress_lzss          
00000661  __TI_decompress_none          
ffffffff  __TI_pprof_out_hndl           
ffffffff  __TI_prof_data_size           
ffffffff  __TI_prof_data_start          
00000000  __TI_static_base__            
00000645  __TI_zero_init_nomemset       
000004c9  __aeabi_memcpy                
000004c9  __aeabi_memcpy4               
000004c9  __aeabi_memcpy8               
ffffffff  __binit__                     
ffffffff  __c_args__                    
UNDEFED   __mpu_init                    
2000fe00  __stack                       
00000611  _c_int00_noargs               
UNDEFED   _system_post_cinit            
0000067d  _system_pre_init              
00000681  abort                         
ffffffff  binit                         
00000000  interruptVectors              
00000493  main                          
000004c9  memcpy                        


GLOBAL SYMBOLS: SORTED BY Symbol Address 

address   name                          
-------   ----                          
00000000  __TI_static_base__            
00000000  interruptVectors              
000000e5  SystemCoreClockUpdate         
00000200  __STACK_SIZE                  
0000035d  SystemInit                    
00000419  Initialization                
00000439  Rotate_LEDs                   
00000493  main                          
000004a3  SysTick_Handler               
000004a3  SysTick_Handler               
000004c9  __aeabi_memcpy                
000004c9  __aeabi_memcpy4               
000004c9  __aeabi_memcpy8               
000004c9  memcpy                        
00000565  __TI_decompress_lzss          
000005cd  __TI_auto_init_nobinit_nopinit
00000611  _c_int00_noargs               
00000645  __TI_zero_init_nomemset       
00000661  __TI_decompress_none          
0000066f  Reset_Handler                 
0000067b  ADC14_IRQHandler              
0000067b  AES256_IRQHandler             
0000067b  BusFault_Handler              
0000067b  COMP_E0_IRQHandler            
0000067b  COMP_E1_IRQHandler            
0000067b  CS_IRQHandler                 
0000067b  DMA_ERR_IRQHandler            
0000067b  DMA_INT0_IRQHandler           
0000067b  DMA_INT1_IRQHandler           
0000067b  DMA_INT2_IRQHandler           
0000067b  DMA_INT3_IRQHandler           
0000067b  DebugMon_Handler              
0000067b  Default_Handler               
0000067b  EUSCIA0_IRQHandler            
0000067b  EUSCIA1_IRQHandler            
0000067b  EUSCIA2_IRQHandler            
0000067b  EUSCIA3_IRQHandler            
0000067b  EUSCIB0_IRQHandler            
0000067b  EUSCIB1_IRQHandler            
0000067b  EUSCIB2_IRQHandler            
0000067b  EUSCIB3_IRQHandler            
0000067b  FLCTL_IRQHandler              
0000067b  FPU_IRQHandler                
0000067b  HardFault_Handler             
0000067b  MemManage_Handler             
0000067b  NMI_Handler                   
0000067b  PCM_IRQHandler                
0000067b  PORT1_IRQHandler              
0000067b  PORT2_IRQHandler              
0000067b  PORT3_IRQHandler              
0000067b  PORT4_IRQHandler              
0000067b  PORT5_IRQHandler              
0000067b  PORT6_IRQHandler              
0000067b  PSS_IRQHandler                
0000067b  PendSV_Handler                
0000067b  RTC_C_IRQHandler              
0000067b  SVC_Handler                   
0000067b  T32_INT1_IRQHandler           
0000067b  T32_INT2_IRQHandler           
0000067b  T32_INTC_IRQHandler           
0000067b  TA0_0_IRQHandler              
0000067b  TA0_N_IRQHandler              
0000067b  TA1_0_IRQHandler              
0000067b  TA1_N_IRQHandler              
0000067b  TA2_0_IRQHandler              
0000067b  TA2_N_IRQHandler              
0000067b  TA3_0_IRQHandler              
0000067b  TA3_N_IRQHandler              
0000067b  UsageFault_Handler            
0000067b  WDT_A_IRQHandler              
0000067d  _system_pre_init              
00000681  C$$EXIT                       
00000681  abort                         
00000688  __TI_Handler_Table_Base       
00000694  __TI_Handler_Table_Limit      
000006a8  __TI_CINIT_Base               
000006b8  __TI_CINIT_Limit              
20000000  SystemCoreClock               
20000004  Rot_State                     
2000fe00  __stack                       
20010000  __STACK_END                   
4000480c  WDTCTL_SYM                    
ffffffff  __TI_pprof_out_hndl           
ffffffff  __TI_prof_data_size           
ffffffff  __TI_prof_data_start          
ffffffff  __binit__                     
ffffffff  __c_args__                    
ffffffff  binit                         
UNDEFED   __mpu_init                    
UNDEFED   _system_post_cinit            

[90 symbols]
