******************************************************************************
                  TI ARM Linker PC v18.12.2                    
******************************************************************************
>> Linked Fri Oct 11 01:12:59 2019

OUTPUT FILE NAME:   <ArrayStructureExample.out>
ENTRY POINT SYMBOL: "_c_int00_noargs"  address: 00000759


MEMORY CONFIGURATION

         name            origin    length      used     unused   attr    fill
----------------------  --------  ---------  --------  --------  ----  --------
  MAIN                  00000000   00040000  000007fc  0003f804  R  X
  INFO                  00200000   00004000  00000000  00004000  R  X
  SRAM_CODE             01000000   00010000  00000235  0000fdcb  RW X
  SRAM_DATA             20000000   00010000  00000235  0000fdcb  RW  


SEGMENT ALLOCATION MAP

run origin  load origin   length   init length attrs members
----------  ----------- ---------- ----------- ----- -------
00000000    00000000    00000800   00000800    r-x
  00000000    00000000    000000e4   000000e4    r-- .intvecs
  000000e4    000000e4    000006e8   000006e8    r-x .text
  000007d0    000007d0    00000030   00000030    r-- .cinit
20000000    20000000    00000035   00000000    rw-
  20000000    20000000    00000030   00000000    rw- .bss
  20000030    20000030    00000005   00000000    rw- .data
2000fe00    2000fe00    00000200   00000000    rw-
  2000fe00    2000fe00    00000200   00000000    rw- .stack


SECTION ALLOCATION MAP

 output                                  attributes/
section   page    origin      length       input sections
--------  ----  ----------  ----------   ----------------
.intvecs   0    00000000    000000e4     
                  00000000    000000e4     startup_msp432p401r_ccs.obj (.intvecs:retain)

.text      0    000000e4    000006e8     
                  000000e4    00000334     system_msp432p401r.obj (.text)
                  00000418    000001f8     main.obj (.text)
                  00000610    0000009c     rtsv7M4_T_le_v4SPD16_eabi.lib : memcpy_t2.asm.obj (.text)
                  000006ac    00000068                                   : copy_decompress_lzss.c.obj (.text:decompress:lzss:__TI_decompress_lzss)
                  00000714    00000044                                   : autoinit.c.obj (.text:__TI_auto_init_nobinit_nopinit:__TI_auto_init_nobinit_nopinit)
                  00000758    00000034                                   : boot_cortex_m.c.obj (.text:_c_int00_noargs:_c_int00_noargs)
                  0000078c    0000001c                                   : copy_zero_init.c.obj (.text:decompress:ZI:__TI_zero_init_nomemset:__TI_zero_init_nomemset)
                  000007a8    0000000e                                   : copy_decompress_none.c.obj (.text:decompress:none:__TI_decompress_none)
                  000007b6    0000000e     startup_msp432p401r_ccs.obj (.text)
                  000007c4    00000004     rtsv7M4_T_le_v4SPD16_eabi.lib : pre_init.c.obj (.text:_system_pre_init)
                  000007c8    00000004                                   : exit.c.obj (.text:abort:abort)

.cinit     0    000007d0    00000030     
                  000007d0    0000000c     (__TI_handler_table)
                  000007dc    00000009     (.cinit..data.load) [load image, compression = lzss]
                  000007e5    00000003     --HOLE-- [fill = 0]
                  000007e8    00000008     (.cinit..bss.load) [load image, compression = zero_init]
                  000007f0    00000010     (__TI_cinit_table)

.init_array 
*          0    00000000    00000000     UNINITIALIZED

.binit     0    00000000    00000000     

.bss       0    20000000    00000030     UNINITIALIZED
                  20000000    00000020     (.common:verify)
                  20000020    00000010     main.obj (.bss:arr)

.data      0    20000030    00000005     UNINITIALIZED
                  20000030    00000004     system_msp432p401r.obj (.data)
                  20000034    00000001     main.obj (.data)

.stack     0    2000fe00    00000200     UNINITIALIZED
                  2000fe00    00000004     rtsv7M4_T_le_v4SPD16_eabi.lib : boot_cortex_m.c.obj (.stack)
                  2000fe04    000001fc     --HOLE--

MODULE SUMMARY

       Module                        code   ro data   rw data
       ------                        ----   -------   -------
    .\
       system_msp432p401r.obj        820    0         8      
       main.obj                      504    0         98     
       startup_msp432p401r_ccs.obj   14     228       0      
    +--+-----------------------------+------+---------+---------+
       Total:                        1338   228       106    
                                                             
    C:\ti\ccs910\ccs\tools\compiler\ti-cgt-arm_18.12.2.LTS\lib\rtsv7M4_T_le_v4SPD16_eabi.lib
       memcpy_t2.asm.obj             156    0         0      
       copy_decompress_lzss.c.obj    104    0         0      
       autoinit.c.obj                68     0         0      
       boot_cortex_m.c.obj           52     0         0      
       copy_zero_init.c.obj          28     0         0      
       copy_decompress_none.c.obj    14     0         0      
       exit.c.obj                    4      0         0      
       pre_init.c.obj                4      0         0      
    +--+-----------------------------+------+---------+---------+
       Total:                        430    0         0      
                                                             
       Stack:                        0      0         1024   
       Linker Generated:             0      45        0      
    +--+-----------------------------+------+---------+---------+
       Grand Total:                  1768   273       1130   


LINKER GENERATED COPY TABLES

__TI_cinit_table @ 000007f0 records: 2, size/record: 8, table size: 16
	.data: load addr=000007dc, load size=00000009 bytes, run addr=20000030, run size=00000005 bytes, compression=lzss
	.bss: load addr=000007e8, load size=00000008 bytes, run addr=20000000, run size=00000030 bytes, compression=zero_init


LINKER GENERATED HANDLER TABLE

__TI_handler_table @ 000007d0 records: 3, size/record: 4, table size: 12
	index: 0, handler: __TI_decompress_lzss
	index: 1, handler: __TI_decompress_none
	index: 2, handler: __TI_zero_init


GLOBAL SYMBOLS: SORTED ALPHABETICALLY BY Name 

address   name                          
-------   ----                          
000007c3  ADC14_IRQHandler              
000007c3  AES256_IRQHandler             
000007c3  BusFault_Handler              
000007c9  C$$EXIT                       
000007c3  COMP_E0_IRQHandler            
000007c3  COMP_E1_IRQHandler            
000007c3  CS_IRQHandler                 
000007c3  DMA_ERR_IRQHandler            
000007c3  DMA_INT0_IRQHandler           
000007c3  DMA_INT1_IRQHandler           
000007c3  DMA_INT2_IRQHandler           
000007c3  DMA_INT3_IRQHandler           
0000048d  DPopulate_Array               
000007c3  DebugMon_Handler              
000007c3  Default_Handler               
000007c3  EUSCIA0_IRQHandler            
000007c3  EUSCIA1_IRQHandler            
000007c3  EUSCIA2_IRQHandler            
000007c3  EUSCIA3_IRQHandler            
000007c3  EUSCIB0_IRQHandler            
000007c3  EUSCIB1_IRQHandler            
000007c3  EUSCIB2_IRQHandler            
000007c3  EUSCIB3_IRQHandler            
000007c3  FLCTL_IRQHandler              
000007c3  FPU_IRQHandler                
000007c3  HardFault_Handler             
000007c3  MemManage_Handler             
000007c3  NMI_Handler                   
000007c3  PCM_IRQHandler                
000007c3  PORT1_IRQHandler              
000007c3  PORT2_IRQHandler              
000007c3  PORT3_IRQHandler              
000007c3  PORT4_IRQHandler              
000007c3  PORT5_IRQHandler              
000007c3  PORT6_IRQHandler              
000007c3  PSS_IRQHandler                
000007c3  PendSV_Handler                
00000419  Populate_Array                
000007c3  RTC_C_IRQHandler              
000007b7  Reset_Handler                 
000007c3  SVC_Handler                   
000005c9  SysTick_Handler               
000005c9  SysTick_Handler               
20000030  SystemCoreClock               
000000e5  SystemCoreClockUpdate         
0000035d  SystemInit                    
000007c3  T32_INT1_IRQHandler           
000007c3  T32_INT2_IRQHandler           
000007c3  T32_INTC_IRQHandler           
000007c3  TA0_0_IRQHandler              
000007c3  TA0_N_IRQHandler              
000007c3  TA1_0_IRQHandler              
000007c3  TA1_N_IRQHandler              
000007c3  TA2_0_IRQHandler              
000007c3  TA2_N_IRQHandler              
000007c3  TA3_0_IRQHandler              
000007c3  TA3_N_IRQHandler              
000007c3  UsageFault_Handler            
4000480c  WDTCTL_SYM                    
000007c3  WDT_A_IRQHandler              
20010000  __STACK_END                   
00000200  __STACK_SIZE                  
000007f0  __TI_CINIT_Base               
00000800  __TI_CINIT_Limit              
000007d0  __TI_Handler_Table_Base       
000007dc  __TI_Handler_Table_Limit      
00000715  __TI_auto_init_nobinit_nopinit
000006ad  __TI_decompress_lzss          
000007a9  __TI_decompress_none          
ffffffff  __TI_pprof_out_hndl           
ffffffff  __TI_prof_data_size           
ffffffff  __TI_prof_data_start          
00000000  __TI_static_base__            
0000078d  __TI_zero_init_nomemset       
00000611  __aeabi_memcpy                
00000611  __aeabi_memcpy4               
00000611  __aeabi_memcpy8               
ffffffff  __binit__                     
ffffffff  __c_args__                    
UNDEFED   __mpu_init                    
2000fe00  __stack                       
00000759  _c_int00_noargs               
UNDEFED   _system_post_cinit            
000007c5  _system_pre_init              
000007c9  abort                         
ffffffff  binit                         
20000034  index                         
00000000  interruptVectors              
00000525  main                          
00000611  memcpy                        
000004c1  populateArray                 
20000000  verify                        


GLOBAL SYMBOLS: SORTED BY Symbol Address 

address   name                          
-------   ----                          
00000000  __TI_static_base__            
00000000  interruptVectors              
000000e5  SystemCoreClockUpdate         
00000200  __STACK_SIZE                  
0000035d  SystemInit                    
00000419  Populate_Array                
0000048d  DPopulate_Array               
000004c1  populateArray                 
00000525  main                          
000005c9  SysTick_Handler               
000005c9  SysTick_Handler               
00000611  __aeabi_memcpy                
00000611  __aeabi_memcpy4               
00000611  __aeabi_memcpy8               
00000611  memcpy                        
000006ad  __TI_decompress_lzss          
00000715  __TI_auto_init_nobinit_nopinit
00000759  _c_int00_noargs               
0000078d  __TI_zero_init_nomemset       
000007a9  __TI_decompress_none          
000007b7  Reset_Handler                 
000007c3  ADC14_IRQHandler              
000007c3  AES256_IRQHandler             
000007c3  BusFault_Handler              
000007c3  COMP_E0_IRQHandler            
000007c3  COMP_E1_IRQHandler            
000007c3  CS_IRQHandler                 
000007c3  DMA_ERR_IRQHandler            
000007c3  DMA_INT0_IRQHandler           
000007c3  DMA_INT1_IRQHandler           
000007c3  DMA_INT2_IRQHandler           
000007c3  DMA_INT3_IRQHandler           
000007c3  DebugMon_Handler              
000007c3  Default_Handler               
000007c3  EUSCIA0_IRQHandler            
000007c3  EUSCIA1_IRQHandler            
000007c3  EUSCIA2_IRQHandler            
000007c3  EUSCIA3_IRQHandler            
000007c3  EUSCIB0_IRQHandler            
000007c3  EUSCIB1_IRQHandler            
000007c3  EUSCIB2_IRQHandler            
000007c3  EUSCIB3_IRQHandler            
000007c3  FLCTL_IRQHandler              
000007c3  FPU_IRQHandler                
000007c3  HardFault_Handler             
000007c3  MemManage_Handler             
000007c3  NMI_Handler                   
000007c3  PCM_IRQHandler                
000007c3  PORT1_IRQHandler              
000007c3  PORT2_IRQHandler              
000007c3  PORT3_IRQHandler              
000007c3  PORT4_IRQHandler              
000007c3  PORT5_IRQHandler              
000007c3  PORT6_IRQHandler              
000007c3  PSS_IRQHandler                
000007c3  PendSV_Handler                
000007c3  RTC_C_IRQHandler              
000007c3  SVC_Handler                   
000007c3  T32_INT1_IRQHandler           
000007c3  T32_INT2_IRQHandler           
000007c3  T32_INTC_IRQHandler           
000007c3  TA0_0_IRQHandler              
000007c3  TA0_N_IRQHandler              
000007c3  TA1_0_IRQHandler              
000007c3  TA1_N_IRQHandler              
000007c3  TA2_0_IRQHandler              
000007c3  TA2_N_IRQHandler              
000007c3  TA3_0_IRQHandler              
000007c3  TA3_N_IRQHandler              
000007c3  UsageFault_Handler            
000007c3  WDT_A_IRQHandler              
000007c5  _system_pre_init              
000007c9  C$$EXIT                       
000007c9  abort                         
000007d0  __TI_Handler_Table_Base       
000007dc  __TI_Handler_Table_Limit      
000007f0  __TI_CINIT_Base               
00000800  __TI_CINIT_Limit              
20000000  verify                        
20000030  SystemCoreClock               
20000034  index                         
2000fe00  __stack                       
20010000  __STACK_END                   
4000480c  WDTCTL_SYM                    
ffffffff  __TI_pprof_out_hndl           
ffffffff  __TI_prof_data_size           
ffffffff  __TI_prof_data_start          
ffffffff  __binit__                     
ffffffff  __c_args__                    
ffffffff  binit                         
UNDEFED   __mpu_init                    
UNDEFED   _system_post_cinit            

[92 symbols]
